12-07 01:25:07.491 12983 12983 I cr_WVCFactoryProvider: Loaded version=119.0.6045.193 minSdkVersion=1 isBundle=true multiprocess=true packageId=3
12-07 01:25:07.503 12983 13215 E chromium: [1207/012507.503848:ERROR:variations_seed_loader.cc(37)] Seed missing signature.
12-07 01:25:07.533 12983 12983 I cr_LibraryLoader: Successfully loaded native library
12-07 01:25:07.541 12983 12983 I cr_CachingUmaRecorder: Flushed 6 samples from 6 histograms, 0 samples were dropped.
12-07 01:25:07.556 12983 12983 I cr_CombinedPProvider: #registerProvider() provider:wz@ec94d3d isPolicyCacheEnabled:false policyProvidersSize:0
12-07 01:25:07.558 12983 12983 I cr_PolicyProvider: #setManagerAndSource() 0
12-07 01:25:07.569 12983 13238 W orata.finecraf: Accessing hidden method Landroid/content/Context;->bindServiceAsUser(Landroid/content/Intent;Landroid/content/ServiceConnection;ILandroid/os/Handler;Landroid/os/UserHandle;)Z (light greylist, reflection)
12-07 01:25:07.583 12983 12983 I cr_CombinedPProvider: #linkNativeInternal() 1
12-07 01:25:07.584 12983 12983 I cr_AppResProvider: #getApplicationRestrictionsFromUserManager() Bundle[EMPTY_PARCEL]
12-07 01:25:07.584 12983 12983 I cr_PolicyProvider: #notifySettingsAvailable() 0
12-07 01:25:07.584 12983 12983 I cr_CombinedPProvider: #onSettingsAvailable() 0
12-07 01:25:07.584 12983 12983 I cr_CombinedPProvider: #flushPolicies()
12-07 01:25:07.669 12983 13257 E chromium: [ERROR:simple_file_enumerator.cc(21)] opendir /data/user/0/me.korata.finecraft/cache/WebView/Default/HTTP Cache/Code Cache/js: No such file or directory (2)
12-07 01:25:07.669 12983 13257 E chromium: [ERROR:simple_index_file.cc(614)] Could not reconstruct index from disk
12-07 01:25:07.805 12983 13276 W cr_media: registerBluetoothIntentsIfNeeded: Requires BLUETOOTH permission
12-07 01:25:07.821 12983 13344 I Adreno  : QUALCOMM build                   : 26c925f, Ia74c9b5270
12-07 01:25:07.821 12983 13344 I Adreno  : Build Date                       : 10/10/18
12-07 01:25:07.821 12983 13344 I Adreno  : OpenGL ES Shader Compiler Version: EV031.25.03.01
12-07 01:25:07.821 12983 13344 I Adreno  : Local Branch                     : 
12-07 01:25:07.821 12983 13344 I Adreno  : Remote Branch                    : refs/tags/AU_LINUX_ANDROID_LA.UM.7.4.R1.09.00.00.453.035
12-07 01:25:07.821 12983 13344 I Adreno  : Remote Branch                    : NONE
12-07 01:25:07.821 12983 13344 I Adreno  : Reconstruct Branch               : NOTHING
12-07 01:25:07.821 12983 13344 I Adreno  : Build Config                     : S L 6.0.7 AArch64
12-07 01:25:07.822 12983 13344 D vndksupport: Loading /vendor/lib64/hw/gralloc.msm8998.so from current namespace instead of sphal namespace.
12-07 01:25:07.826 12983 13344 I Adreno  : PFP: 0x005ff112, ME: 0x005ff066
12-07 01:25:07.834 12983 13344 I ConfigStore: android::hardware::configstore::V1_0::ISurfaceFlingerConfigs::hasWideColorDisplay retrieved: 0
12-07 01:25:07.836 12983 13344 I ConfigStore: android::hardware::configstore::V1_0::ISurfaceFlingerConfigs::hasHDRDisplay retrieved: 0
12-07 01:25:07.840 12983 13137 D SessionLifecycleClient: Queued message 1. Queue size 1
12-07 01:25:07.844 12983 12983 D OpenGLRenderer: Skia GL Pipeline
12-07 01:25:07.878 12983 12983 I TouchFilterInputStageHelper: [needTouchEventFilter] Displayid : 0
12-07 01:25:07.882 12983 12983 D BezellessGripSuppressionFilter: getdisplaysize, x : 720 y : 1440
12-07 01:25:07.915 12983 13194 W Ads     : Update ad debug logging enablement as false
12-07 01:25:07.919 12983 12983 D SessionLifecycleService: Service bound to new client on process 12983
12-07 01:25:07.922 12983 13366 D SessionLifecycleService: App has not yet foregrounded. Using previously stored session: null
12-07 01:25:07.923 12983 13366 D SessionLifecycleService: Client android.os.Messenger@682e0ab bound at 411189125. Clients: 1
12-07 01:25:07.926 12983 13305 W AudioCapabilities: Unsupported mime audio/lg-ac3
12-07 01:25:07.927 12983 13305 W AudioCapabilities: Unsupported mime audio/adpcm
12-07 01:25:07.928 12983 13305 W AudioCapabilities: Unsupported mime audio/x-lg-alac
12-07 01:25:07.936 12983 13305 W AudioCapabilities: Unsupported mime audio/x-lg-flac
12-07 01:25:07.944 12983 12983 W orata.finecraf: Accessing hidden field Landroid/view/WindowInsets;->CONSUMED:Landroid/view/WindowInsets; (light greylist, reflection)
12-07 01:25:07.945 12983 13305 W AudioCapabilities: Unsupported mime audio/g726
12-07 01:25:07.948 12983 12983 W orata.finecraf: Accessing hidden method Landroid/view/View;->getViewRootImpl()Landroid/view/ViewRootImpl; (light greylist, reflection)
12-07 01:25:07.948 12983 12983 W orata.finecraf: Accessing hidden field Landroid/view/View$AttachInfo;->mVisibleInsets:Landroid/graphics/Rect; (light greylist, reflection)
12-07 01:25:07.948 12983 12983 W orata.finecraf: Accessing hidden field Landroid/view/ViewRootImpl;->mAttachInfo:Landroid/view/View$AttachInfo; (light greylist, reflection)
12-07 01:25:07.965 12983 13305 W AudioCapabilities: Unsupported mime audio/x-lg-ms-wma
12-07 01:25:07.967 12983 13305 W AudioCapabilities: Unsupported mime audio/lg-wma-voice
12-07 01:25:07.973 12983 13305 W AudioCapabilities: Unsupported mime audio/x-lg-flac
12-07 01:25:07.980 12983 13360 I OpenGLRenderer: Initialized EGL, version 1.4
12-07 01:25:07.980 12983 13360 D OpenGLRenderer: Swap behavior 2
12-07 01:25:07.993 12983 13305 W VideoCapabilities: Unrecognized profile 4 for video/hevc
12-07 01:25:07.996 12983 13305 W VideoCapabilities: Unsupported mime video/mjpg
12-07 01:25:08.005 12983 12983 D SessionLifecycleClient: Connected to SessionLifecycleService. Queue size 1
12-07 01:25:08.008 12983 13305 W VideoCapabilities: Unsupported mime video/theora
12-07 01:25:08.010 12983 13102 D SessionLifecycleClient: Sending lifecycle 1 to service
12-07 01:25:08.011 12983 13366 D SessionLifecycleService: Activity foregrounding at 411189217.
12-07 01:25:08.011 12983 13366 D SessionLifecycleService: Cold start detected.
12-07 01:25:08.016 12983 13366 D SessionLifecycleService: Generated new session b5185da4ee6f490d959ba1c4d3c9db85
12-07 01:25:08.017 12983 13366 D SessionLifecycleService: Broadcasting new session: SessionDetails(sessionId=b5185da4ee6f490d959ba1c4d3c9db85, firstSessionId=b5185da4ee6f490d959ba1c4d3c9db85, sessionIndex=0, sessionStartTimestampUs=1701901508015000)
12-07 01:25:08.021 12983 13360 D vndksupport: Loading /vendor/lib64/hw/android.hardware.graphics.mapper@2.0-impl.so from current namespace instead of sphal namespace.
12-07 01:25:08.023 12983 13360 D vndksupport: Loading /vendor/lib64/hw/gralloc.msm8998.so from current namespace instead of sphal namespace.
12-07 01:25:08.029 12983 13135 D SessionFirelogPublisher: Data Collection is enabled for at least one Subscriber
12-07 01:25:08.044 12983 13305 I VideoCapabilities: Unsupported profile 4 for video/mp4v-es
12-07 01:25:08.071 12983 13102 D EventGDTLogger: Session Event: {"eventType":1,"sessionData":{"sessionId":"b5185da4ee6f490d959ba1c4d3c9db85","firstSessionId":"b5185da4ee6f490d959ba1c4d3c9db85","sessionIndex":0,"eventTimestampUs":1701901508015000,"dataCollectionStatus":{"performance":1,"crashlytics":2,"sessionSamplingRate":1.0},"firebaseInstallationId":"fjiIARyMTSSwvUQ_5JsAKw"},"applicationInfo":{"appId":"1:944318473639:android:25ef27ae4bf103622e0282","deviceModel":"LG-H930","sessionSdkVersion":"1.2.0","osVersion":"9","logEnvironment":3,"androidAppInfo":{"packageName":"me.korata.finecraft","versionName":"5.8.0","appBuildVersion":"49","deviceManufacturer":"LGE","currentProcessDetails":{"processName":"me.korata.finecraft","pid":12983,"importance":100,"defaultProcess":true},"appProcessDetails":[{"processName":"me.korata.finecraft","pid":12983,"importance":100,"defaultProcess":true}]}}}
12-07 01:25:08.072 12983 13102 D SessionFirelogPublisher: Successfully logged Session Start event: b5185da4ee6f490d959ba1c4d3c9db85
12-07 01:25:08.431 12983 12983 W orata.finecraf: Accessing hidden field Landroid/content/pm/ApplicationInfo;->primaryCpuAbi:Ljava/lang/String; (light greylist, reflection)
12-07 01:25:08.488 12983 12983 D SessionLifecycleClient: Session update received: b5185da4ee6f490d959ba1c4d3c9db85
12-07 01:25:08.490 12983 12983 W orata.finecraf: Accessing hidden method Landroid/os/Trace;->asyncTraceBegin(JLjava/lang/String;I)V (light greylist, reflection)
12-07 01:25:08.490 12983 13135 D SessionLifecycleClient: Notified CRASHLYTICS of new session b5185da4ee6f490d959ba1c4d3c9db85
12-07 01:25:08.490 12983 12983 W orata.finecraf: Accessing hidden method Landroid/os/Trace;->asyncTraceEnd(JLjava/lang/String;I)V (light greylist, reflection)
12-07 01:25:08.490 12983 12983 W orata.finecraf: Accessing hidden method Landroid/os/Trace;->traceCounter(JLjava/lang/String;I)V (light greylist, reflection)
12-07 01:25:08.520 12983 13418 W orata.finecraf: Accessing hidden method Landroid/graphics/FontFamily;-><init>()V (light greylist, reflection)
12-07 01:25:08.520 12983 13418 W orata.finecraf: Accessing hidden method Landroid/graphics/FontFamily;->addFontFromAssetManager(Landroid/content/res/AssetManager;Ljava/lang/String;IZIII[Landroid/graphics/fonts/FontVariationAxis;)Z (light greylist, reflection)
12-07 01:25:08.520 12983 13418 W orata.finecraf: Accessing hidden method Landroid/graphics/FontFamily;->addFontFromBuffer(Ljava/nio/ByteBuffer;I[Landroid/graphics/fonts/FontVariationAxis;II)Z (light greylist, reflection)
12-07 01:25:08.520 12983 13418 W orata.finecraf: Accessing hidden method Landroid/graphics/FontFamily;->freeze()Z (light greylist, reflection)
12-07 01:25:08.520 12983 13418 W orata.finecraf: Accessing hidden method Landroid/graphics/FontFamily;->abortCreation()V (light greylist, reflection)
12-07 01:25:08.521 12983 13418 W orata.finecraf: Accessing hidden method Landroid/graphics/Typeface;->createFromFamiliesWithDefault([Landroid/graphics/FontFamily;Ljava/lang/String;II)Landroid/graphics/Typeface; (light greylist, reflection)
12-07 01:25:09.031 12983 12983 I Ads     : JS: The jsLoaded GMSG has been sent (https://googleads.g.doubleclick.net/mads/static/mad/sdk/native/production/sdk-core-v40-impl.html:784)
12-07 01:25:09.031 12983 12983 I chromium: [INFO:CONSOLE(784)] "The jsLoaded GMSG has been sent", source: https://googleads.g.doubleclick.net/mads/static/mad/sdk/native/production/sdk-core-v40-impl.html (784)
--------- beginning of system
12-07 01:25:09.917 12983 12983 I Timeline: Timeline: Activity_idle id: android.os.BinderProxy@4a2e29 time:411191123
12-07 01:25:28.998 12983 13137 D SessionLifecycleClient: Sending lifecycle 2 to service
12-07 01:25:28.999 12983 13366 D SessionLifecycleService: Activity backgrounding at 411210205
12-07 01:25:29.005 12983 12983 W ActivityThread: handleWindowVisibility: no activity for token android.os.BinderProxy@cf4a31f
12-07 01:25:29.040 12983 12983 W linker  : Warning: "/data/app/me.korata.finecraft-QdEdp4YUsZMhEjW9E5C6aQ==/lib/arm64/libc++_shared.so" unused DT entry: unknown processor-specific (type 0x70000001 arg 0x0) (ignoring)
12-07 01:25:29.087 12983 12983 D PhoneWindow: windowLightStatusBar : false, disable View.SYSTEM_UI_FLAG_LIGHT_STATUS_BAR
12-07 01:25:29.113 12983 13482 D Minetest: 2023-12-07 01:25:29: INFO[Main]: Minetest 5.8.0-dev-7213ff7a0-dirty
12-07 01:25:29.113 12983 13482 D Minetest: 2023-12-07 01:25:29: INFO[Main]: with SER_FMT_VER_HIGHEST_READ=29, BUILD_TYPE=MinSizeRel
12-07 01:25:29.113 12983 13482 D Minetest: 2023-12-07 01:25:29: INFO[Main]: RUN_IN_PLACE=0
12-07 01:25:29.113 12983 13482 D Minetest: 2023-12-07 01:25:29: INFO[Main]: USE_CURL=1
12-07 01:25:29.113 12983 13482 D Minetest: 2023-12-07 01:25:29: INFO[Main]: USE_GETTEXT=1
12-07 01:25:29.113 12983 13482 D Minetest: 2023-12-07 01:25:29: INFO[Main]: USE_SOUND=1
12-07 01:25:29.113 12983 13482 D Minetest: 2023-12-07 01:25:29: INFO[Main]: STATIC_SHAREDIR="/usr/local/share/minetest"
12-07 01:25:29.113 12983 13482 D Minetest: 2023-12-07 01:25:29: INFO[Main]: STATIC_LOCALEDIR="/usr/local/share/locale"
12-07 01:25:29.118 12983 13482 V Minetest: 2023-12-07 01:25:29: VERBOSE[Main]: httpfetch_init: parallel_limit=8
12-07 01:25:29.119 12983 13482 D Minetest: 2023-12-07 01:25:29: INFO[Main]: Gettext: domainname="minetest" path="/storage/emulated/0/Android/data/me.korata.finecraft/files/Minetest/locale"
12-07 01:25:29.119 12983 13482 D Minetest: 2023-12-07 01:25:29: INFO[Main]: Message locale is now set to: C
12-07 01:25:29.119 12983 13482 D Minetest: 2023-12-07 01:25:29: INFO[Main]: Searching worlds...
12-07 01:25:29.121 12983 13482 D Minetest: 2023-12-07 01:25:29: INFO[Main]:   In /storage/emulated/0/Android/data/me.korata.finecraft/files/Minetest/worlds: world1 
12-07 01:25:29.121 12983 13482 D Minetest: 2023-12-07 01:25:29: INFO[Main]: 1 found.
12-07 01:25:29.121 12983 13482 I Minetest: 2023-12-07 01:25:29: [Main]: Automatically selecting world at [/storage/emulated/0/Android/data/me.korata.finecraft/files/Minetest/worlds/world1]
12-07 01:25:29.121 12983 13482 D Minetest: 2023-12-07 01:25:29: INFO[Main]: Using world gameid [finecraft]
12-07 01:25:29.122 12983 13482 D openal  : [ALSOFT] (II) Initializing library v1.23.1-unknown UNKNOWN
12-07 01:25:29.122 12983 13482 D openal  : [ALSOFT] (II) Supported backends: opensl, null
12-07 01:25:29.122 12983 13482 D openal  : [ALSOFT] (II) Loading config /etc/openal/alsoft.conf...
12-07 01:25:29.123 12983 13482 D openal  : [ALSOFT] (II) Loading config /etc/xdg/alsoft.conf...
12-07 01:25:29.123 12983 13482 D openal  : [ALSOFT] (II) Got binary: "/system/bin", "app_process64"
12-07 01:25:29.123 12983 13482 D openal  : [ALSOFT] (II) Loading config /system/bin/alsoft.conf...
12-07 01:25:29.123 12983 13482 D openal  : [ALSOFT] (II) Key disable-cpu-exts not found
12-07 01:25:29.123 12983 13482 D openal  : [ALSOFT] (II) Extensions: +NEON
12-07 01:25:29.123 12983 13482 D openal  : [ALSOFT] (II) Key rt-prio not found
12-07 01:25:29.123 12983 13482 D openal  : [ALSOFT] (II) Key rt-time-limit not found
12-07 01:25:29.123 12983 13482 D openal  : [ALSOFT] (II) Key game_compat/enable-sub-data-ext not found
12-07 01:25:29.123 12983 13482 D openal  : [ALSOFT] (II) Key game_compat/reverse-x not found
12-07 01:25:29.123 12983 13482 D openal  : [ALSOFT] (II) Key game_compat/reverse-y not found
12-07 01:25:29.123 12983 13482 D openal  : [ALSOFT] (II) Key game_compat/reverse-z not found
12-07 01:25:29.123 12983 13482 D openal  : [ALSOFT] (II) Key game_compat/nfc-scale not found
12-07 01:25:29.123 12983 13482 D openal  : [ALSOFT] (II) Key resampler not found
12-07 01:25:29.123 12983 13482 D openal  : [ALSOFT] (II) Key uhj/decode-filter not found
12-07 01:25:29.123 12983 13482 D openal  : [ALSOFT] (II) Key uhj/filter not found
12-07 01:25:29.123 12983 13482 D openal  : [ALSOFT] (II) Key uhj/encode-filter not found
12-07 01:25:29.123 12983 13482 D openal  : [ALSOFT] (II) Key trap-al-error not found
12-07 01:25:29.123 12983 13482 D openal  : [ALSOFT] (II) Key trap-alc-error not found
12-07 01:25:29.123 12983 13482 D openal  : [ALSOFT] (II) Key reverb/boost not found
12-07 01:25:29.123 12983 13482 D openal  : [ALSOFT] (II) Key drivers not found
12-07 01:25:29.123 12983 13482 D openal  : [ALSOFT] (II) Initialized backend "opensl"
12-07 01:25:29.123 12983 13482 D openal  : [ALSOFT] (II) Added "opensl" for playback
12-07 01:25:29.123 12983 13482 D openal  : [ALSOFT] (II) Added "opensl" for capture
12-07 01:25:29.123 12983 13482 D openal  : [ALSOFT] (II) Key excludefx not found
12-07 01:25:29.123 12983 13482 D openal  : [ALSOFT] (II) Key default-reverb not found
12-07 01:25:29.123 12983 13482 D openal  : [ALSOFT] (II) Opening default playback device
12-07 01:25:29.127 12983 13482 D openal  : [ALSOFT] (II) Created device 0x7cf38fb000, "OpenSL"
12-07 01:25:29.127 12983 13482 D openal  : [ALSOFT] (II) Key frequency not found
12-07 01:25:29.127 12983 13482 D openal  : [ALSOFT] (II) Key period_size not found
12-07 01:25:29.127 12983 13482 D openal  : [ALSOFT] (II) Key periods not found
12-07 01:25:29.127 12983 13482 D openal  : [ALSOFT] (II) Key sample-type not found
12-07 01:25:29.127 12983 13482 D openal  : [ALSOFT] (II) Key channels not found
12-07 01:25:29.127 12983 13482 D openal  : [ALSOFT] (II) Key ambi-format not found
12-07 01:25:29.127 12983 13482 D openal  : [ALSOFT] (II) Key hrtf not found
12-07 01:25:29.127 12983 13482 D openal  : [ALSOFT] (II) Key stereo-encoding not found
12-07 01:25:29.127 12983 13482 D openal  : [ALSOFT] (II) Pre-reset: Stereo, Float32, 48000hz, 960 / 2880 buffer
12-07 01:25:29.131 12983 12983 D DynamitePackage: Instantiating com.google.android.gms.ads.ChimeraAdManagerCreatorImpl
12-07 01:25:29.131 12983 12999 V AudioSystem: ioConfigChanged() event 0
12-07 01:25:29.131 12983 12999 I chatty  : uid=10606(me.korata.finecraft) Binder:12983_1 identical 2 lines
12-07 01:25:29.132 12983 13482 I chatty  : uid=10606(me.korata.finecraft) MinetestNativeT expire 49 lines
12-07 01:25:29.143 12983 13486 I chatty  : uid=10606(me.korata.finecraft) alsoft-mixer expire 2 lines
12-07 01:25:29.158 12983 12983 I chatty  : uid=10606(me.korata.finecraft) expire 17 lines
12-07 01:25:29.203 12983 13194 I chatty  : uid=10606(me.korata.finecraft) expire 1 line
12-07 01:25:29.286 12983 13498 I chatty  : uid=10606(me.korata.finecraft) expire 4 lines
12-07 01:25:29.328 12983 13135 I chatty  : uid=10606(me.korata.finecraft) Firebase Backgr expire 1 line
12-07 01:25:29.329 12983 13366 I chatty  : uid=10606(me.korata.finecraft) FirebaseSession expire 1 line
12-07 01:25:29.376 12983 13509 I chatty  : uid=10606(me.korata.finecraft) expire 1 line
12-07 01:25:29.386 12983 12983 I Timeline: Timeline: Activity_idle id: android.os.BinderProxy@cf4a31f time:411210593
12-07 01:25:29.589 12983 13513 I chatty  : uid=10606(me.korata.finecraft) OpenALSoundMana expire 10 lines
12-07 01:25:32.344 12983 12983 I chatty  : uid=10606(me.korata.finecraft) expire 2 lines
12-07 01:25:32.344 12983 12983 I orata.finecraf:   at com.google.android.gms.ads.nonagon.ad.event.t com.google.android.gms.ads.nonagon.ad.interstitial.c.a() (:com.google.android.gms.policy_ads_fdr_dynamite@234310605@234310602057.578924991.578924991:3)
12-07 01:25:32.344 12983 12983 I orata.finecraf:   at m.ccu com.google.android.gms.ads.nonagon.render.aw.a(java.lang.Object) (:com.google.android.gms.policy_ads_fdr_dynamite@234310605@234310602057.578924991.578924991:91)
12-07 01:25:32.344 12983 12983 I orata.finecraf:   at java.lang.Object m.cbb.g(java.lang.Object, java.lang.Object) (:com.google.android.gms.policy_ads_fdr_dynamite@234310605@234310602057.578924991.578924991:3)
12-07 01:25:32.344 12983 12983 I orata.finecraf:   at void m.cbd.run() (:com.google.android.gms.policy_ads_fdr_dynamite@234310605@234310602057.578924991.578924991:42)
12-07 01:25:32.344 12983 12983 I orata.finecraf:   at void android.os.Handler.handleCallback(android.os.Message) (Handler.java:873)
12-07 01:25:32.344 12983 12983 I orata.finecraf:   at void android.os.Handler.dispatchMessage(android.os.Message) (Handler.java:99)
12-07 01:25:32.344 12983 12983 I orata.finecraf:   at void m.awy.a(android.os.Message) (:com.google.android.gms.policy_ads_fdr_dynamite@234310605@234310602057.578924991.578924991:1)
12-07 01:25:32.344 12983 12983 I orata.finecraf:   at void com.google.android.gms.ads.internal.util.f.a(android.os.Message) (:com.google.android.gms.policy_ads_fdr_dynamite@234310605@234310602057.578924991.578924991:2)
12-07 01:25:32.344 12983 12983 I orata.finecraf:   at void m.awy.dispatchMessage(android.os.Message) (:com.google.android.gms.policy_ads_fdr_dynamite@234310605@234310602057.578924991.578924991:1)
12-07 01:25:32.344 12983 12983 I orata.finecraf:   at void android.os.Looper.loop() (Looper.java:205)
12-07 01:25:32.344 12983 12983 I orata.finecraf:   at void android.app.ActivityThread.main(java.lang.String[]) (ActivityThread.java:6991)
12-07 01:25:32.344 12983 12983 I orata.finecraf:   at java.lang.Object java.lang.reflect.Method.invoke(java.lang.Object, java.lang.Object[]) (Method.java:-2)
12-07 01:25:32.344 12983 12983 I orata.finecraf:   at void com.android.internal.os.RuntimeInit$MethodAndArgsCaller.run() (RuntimeInit.java:493)
12-07 01:25:32.344 12983 12983 I orata.finecraf:   at void com.android.internal.os.ZygoteInit.main(java.lang.String[]) (ZygoteInit.java:884)
12-07 01:25:32.344 12983 12983 I orata.finecraf: Caused by: java.lang.ClassNotFoundException: Didn't find class "android.view.displayhash.DisplayHashResultCallback" on path: DexPathList[[zip file "/data/user_de/0/com.google.android.gms/app_chimera/m/000003bd/dl-AdsFdrDynamite.integ_234310602100000.apk"],nativeLibraryDirectories=[/data/user_de/0/com.google.android.gms/app_chimera/m/000003bd/dl-AdsFdrDynamite.integ_234310602100000.apk!/lib/arm64-v8a, /system/lib64, /system/product/lib64, /system/vendor/lib64]]
12-07 01:25:32.344 12983 12983 I orata.finecraf:   at java.lang.Class dalvik.system.BaseDexClassLoader.findClass(java.lang.String) (BaseDexClassLoader.java:134)
12-07 01:25:32.344 12983 12983 I orata.finecraf:   at java.lang.Class java.lang.ClassLoader.loadClass(java.lang.String, boolean) (ClassLoader.java:379)
12-07 01:25:32.344 12983 12983 I orata.finecraf:   at java.lang.Class m.bk.loadClass(java.lang.String, boolean) (:com.google.android.gms.dynamite_dynamiteloader@234414022@23.44.14 (100400-0):15)
12-07 01:25:32.344 12983 12983 I orata.finecraf:   at java.lang.Class java.lang.ClassLoader.loadClass(java.lang.String) (ClassLoader.java:312)
12-07 01:25:32.344 12983 12983 I orata.finecraf:   at java.lang.Class dalvik.system.DexFile.defineClassNative(java.lang.String, java.lang.ClassLoader, java.lang.Object, dalvik.system.DexFile) (DexFile.java:-2)
12-07 01:25:32.344 12983 12983 I orata.finecraf:   at java.lang.Class dalvik.system.DexFile.defineClass(java.lang.String, java.lang.ClassLoader, java.lang.Object, dalvik.system.DexFile, java.util.List) (DexFile.java:283)
12-07 01:25:32.344 12983 12983 I orata.finecraf:   at java.lang.Class dalvik.system.DexFile.loadClassBinaryName(java.lang.String, java.lang.ClassLoader, java.util.List) (DexFile.java:276)
12-07 01:25:32.344 12983 12983 I orata.finecraf:   at java.lang.Class dalvik.system.DexPathList$Element.findClass(java.lang.String, java.lang.ClassLoader, java.util.List) (DexPathList.java:727)
12-07 01:25:32.344 12983 12983 I orata.finecraf:   at java.lang.Class dalvik.system.DexPathList.findClass(java.lang.String, java.util.List) (DexPathList.java:486)
12-07 01:25:32.344 12983 12983 I orata.finecraf:   at java.lang.Class dalvik.system.BaseDexClassLoader.findClass(java.lang.String) (BaseDexClassLoader.java:132)
12-07 01:25:32.344 12983 12983 I orata.finecraf:   at java.lang.Class m.bk.loadClass(java.lang.String, boolean) (:com.google.android.gms.dynamite_dynamiteloader@234414022@23.44.14 (100400-0):9)
12-07 01:25:32.344 12983 12983 I orata.finecraf:   at java.lang.Class java.lang.ClassLoader.loadClass(java.lang.String) (ClassLoader.java:312)
12-07 01:25:32.344 12983 12983 I orata.finecraf:   at java.lang.Object com.google.android.gms.ads.nonagon.ad.w.a() (:com.google.android.gms.policy_ads_fdr_dynamite@234310605@234310602057.578924991.578924991:129)
12-07 01:25:32.344 12983 12983 I orata.finecraf:   at java.lang.Object m.cwu.a() (:com.google.android.gms.policy_ads_fdr_dynamite@234310605@234310602057.578924991.578924991:14)
12-07 01:25:32.344 12983 12983 I orata.finecraf:   at java.lang.Object com.google.android.gms.ads.nonagon.ad.common.bb.a() (:com.google.android.gms.policy_ads_fdr_dynamite@234310605@234310602057.578924991.578924991:3)
12-07 01:25:32.344 12983 12983 I orata.finecraf:   at java.util.Set m.cxd.b() (:com.google.android.gms.policy_ads_fdr_dynamite@234310605@234310602057.578924991.578924991:79)
12-07 01:25:32.344 12983 12983 I orata.finecraf:   at java.lang.Object com.google.android.gms.ads.nonagon.ad.event.u.a() (:com.google.android.gms.policy_ads_fdr_dynamite@234310605@234310602057.578924991.578924991:5)
12-07 01:25:32.344 12983 12983 I orata.finecraf:   at java.lang.Object m.cwu.a() (:com.google.android.gms.policy_ads_fdr_dynamite@234310605@234310602057.578924991.578924991:14)
12-07 01:25:32.344 12983 12983 I orata.finecraf:   at com.google.android.gms.ads.nonagon.ad.event.t com.google.android.gms.ads.nonagon.ad.interstitial.c.a() (:com.google.android.gms.policy_ads_fdr_dynamite@234310605@234310602057.578924991.578924991:3)
12-07 01:25:32.344 12983 12983 I orata.finecraf:   at m.ccu com.google.android.gms.ads.nonagon.render.aw.a(java.lang.Object) (:com.google.android.gms.policy_ads_fdr_dynamite@234310605@234310602057.578924991.578924991:91)
12-07 01:25:32.344 12983 12983 I orata.finecraf:   at java.lang.Object m.cbb.g(java.lang.Object, java.lang.Object) (:com.google.android.gms.policy_ads_fdr_dynamite@234310605@234310602057.578924991.578924991:3)
12-07 01:25:32.344 12983 12983 I orata.finecraf:   at void m.cbd.run() (:com.google.android.gms.policy_ads_fdr_dynamite@234310605@234310602057.578924991.578924991:42)
12-07 01:25:32.345 12983 12983 I orata.finecraf:   at void android.os.Handler.handleCallback(android.os.Message) (Handler.java:873)
12-07 01:25:32.345 12983 12983 I orata.finecraf:   at void android.os.Handler.dispatchMessage(android.os.Message) (Handler.java:99)
12-07 01:25:32.345 12983 12983 I orata.finecraf:   at void m.awy.a(android.os.Message) (:com.google.android.gms.policy_ads_fdr_dynamite@234310605@234310602057.578924991.578924991:1)
12-07 01:25:32.345 12983 12983 I orata.finecraf:   at void com.google.android.gms.ads.internal.util.f.a(android.os.Message) (:com.google.android.gms.policy_ads_fdr_dynamite@234310605@234310602057.578924991.578924991:2)
12-07 01:25:32.345 12983 12983 I orata.finecraf:   at void m.awy.dispatchMessage(android.os.Message) (:com.google.android.gms.policy_ads_fdr_dynamite@234310605@234310602057.578924991.578924991:1)
12-07 01:25:32.345 12983 12983 I orata.finecraf:   at void android.os.Looper.loop() (Looper.java:205)
12-07 01:25:32.345 12983 12983 I orata.finecraf:   at void android.app.ActivityThread.main(java.lang.String[]) (ActivityThread.java:6991)
12-07 01:25:32.345 12983 12983 I orata.finecraf:   at java.lang.Object java.lang.reflect.Method.invoke(java.lang.Object, java.lang.Object[]) (Method.java:-2)
12-07 01:25:32.345 12983 12983 I orata.finecraf:   at void com.android.internal.os.RuntimeInit$MethodAndArgsCaller.run() (RuntimeInit.java:493)
12-07 01:25:32.345 12983 12983 I orata.finecraf:   at void com.android.internal.os.ZygoteInit.main(java.lang.String[]) (ZygoteInit.java:884)
12-07 01:25:32.345 12983 12983 I orata.finecraf: 
12-07 01:25:32.345 12983 12983 I orata.finecraf: Rejecting re-init on previously-failed class java.lang.Class<com.google.android.gms.ads.eventattestation.internal.i>: java.lang.NoClassDefFoundError: Failed resolution of: Landroid/view/displayhash/DisplayHashResultCallback;
12-07 01:25:32.345 12983 12983 I orata.finecraf:   at java.lang.Class dalvik.system.DexFile.defineClassNative(java.lang.String, java.lang.ClassLoader, java.lang.Object, dalvik.system.DexFile) (DexFile.java:-2)
12-07 01:25:32.345 12983 12983 I orata.finecraf:   at java.lang.Class dalvik.system.DexFile.defineClass(java.lang.String, java.lang.ClassLoader, java.lang.Object, dalvik.system.DexFile, java.util.List) (DexFile.java:283)
12-07 01:25:32.345 12983 12983 I orata.finecraf:   at java.lang.Class dalvik.system.DexFile.loadClassBinaryName(java.lang.String, java.lang.ClassLoader, java.util.List) (DexFile.java:276)
12-07 01:25:32.345 12983 12983 I orata.finecraf:   at java.lang.Class dalvik.system.DexPathList$Element.findClass(java.lang.String, java.lang.ClassLoader, java.util.List) (DexPathList.java:727)
12-07 01:25:32.345 12983 12983 I orata.finecraf:   at java.lang.Class dalvik.system.DexPathList.findClass(java.lang.String, java.util.List) (DexPathList.java:486)
12-07 01:25:32.345 12983 12983 I orata.finecraf:   at java.lang.Class dalvik.system.BaseDexClassLoader.findClass(java.lang.String) (BaseDexClassLoader.java:132)
12-07 01:25:32.345 12983 12983 I orata.finecraf:   at java.lang.Class m.bk.loadClass(java.lang.String, boolean) (:com.google.android.gms.dynamite_dynamiteloader@234414022@23.44.14 (100400-0):9)
12-07 01:25:32.345 12983 12983 I orata.finecraf:   at java.lang.Class java.lang.ClassLoader.loadClass(java.lang.String) (ClassLoader.java:312)
12-07 01:25:32.345 12983 12983 I orata.finecraf:   at java.lang.Object com.google.android.gms.ads.nonagon.ad.w.a() (:com.google.android.gms.policy_ads_fdr_dynamite@234310605@234310602057.578924991.578924991:129)
12-07 01:25:32.345 12983 12983 I orata.finecraf:   at java.lang.Object m.cwu.a() (:com.google.android.gms.policy_ads_fdr_dynamite@234310605@234310602057.578924991.578924991:14)
12-07 01:25:32.345 12983 12983 I orata.finecraf:   at java.lang.Object com.google.android.gms.ads.nonagon.ad.common.bb.a() (:com.google.android.gms.policy_ads_fdr_dynamite@234310605@234310602057.578924991.578924991:3)
12-07 01:25:32.345 12983 12983 I orata.finecraf:   at java.util.Set m.cxd.b() (:com.google.android.gms.policy_ads_fdr_dynamite@234310605@234310602057.578924991.578924991:79)
12-07 01:25:32.345 12983 12983 I orata.finecraf:   at java.lang.Object com.google.android.gms.ads.nonagon.ad.event.u.a() (:com.google.android.gms.policy_ads_fdr_dynamite@234310605@234310602057.578924991.578924991:5)
12-07 01:25:32.345 12983 12983 I orata.finecraf:   at java.lang.Object m.cwu.a() (:com.google.android.gms.policy_ads_fdr_dynamite@234310605@234310602057.578924991.578924991:14)
12-07 01:25:32.345 12983 12983 I orata.finecraf:   at com.google.android.gms.ads.nonagon.ad.event.t com.google.android.gms.ads.nonagon.ad.interstitial.c.a() (:com.google.android.gms.policy_ads_fdr_dynamite@234310605@234310602057.578924991.578924991:3)
12-07 01:25:32.345 12983 12983 I orata.finecraf:   at m.ccu com.google.android.gms.ads.nonagon.render.aw.a(java.lang.Object) (:com.google.android.gms.policy_ads_fdr_dynamite@234310605@234310602057.578924991.578924991:91)
12-07 01:25:32.345 12983 12983 I orata.finecraf:   at java.lang.Object m.cbb.g(java.lang.Object, java.lang.Object) (:com.google.android.gms.policy_ads_fdr_dynamite@234310605@234310602057.578924991.578924991:3)
12-07 01:25:32.345 12983 12983 I orata.finecraf:   at void m.cbd.run() (:com.google.android.gms.policy_ads_fdr_dynamite@234310605@234310602057.578924991.578924991:42)
12-07 01:25:32.345 12983 12983 I orata.finecraf:   at void android.os.Handler.handleCallback(android.os.Message) (Handler.java:873)
12-07 01:25:32.345 12983 12983 I orata.finecraf:   at void android.os.Handler.dispatchMessage(android.os.Message) (Handler.java:99)
12-07 01:25:32.345 12983 12983 I orata.finecraf:   at void m.awy.a(android.os.Message) (:com.google.android.gms.policy_ads_fdr_dynamite@234310605@234310602057.578924991.578924991:1)
12-07 01:25:32.345 12983 12983 I orata.finecraf:   at void com.google.android.gms.ads.internal.util.f.a(android.os.Message) (:com.google.android.gms.policy_ads_fdr_dynamite@234310605@234310602057.578924991.578924991:2)
12-07 01:25:32.345 12983 12983 I orata.finecraf:   at void m.awy.dispatchMessage(android.os.Message) (:com.google.android.gms.policy_ads_fdr_dynamite@234310605@234310602057.578924991.578924991:1)
12-07 01:25:32.345 12983 12983 I orata.finecraf:   at void android.os.Looper.loop() (Looper.java:205)
12-07 01:25:32.345 12983 12983 I orata.finecraf:   at void android.app.ActivityThread.main(java.lang.String[]) (ActivityThread.java:6991)
12-07 01:25:32.345 12983 12983 I orata.finecraf:   at java.lang.Object java.lang.reflect.Method.invoke(java.lang.Object, java.lang.Object[]) (Method.java:-2)
12-07 01:25:32.345 12983 12983 I orata.finecraf:   at void com.android.internal.os.RuntimeInit$MethodAndArgsCaller.run() (RuntimeInit.java:493)
12-07 01:25:32.345 12983 12983 I orata.finecraf:   at void com.android.internal.os.ZygoteInit.main(java.lang.String[]) (ZygoteInit.java:884)
12-07 01:25:32.345 12983 12983 I orata.finecraf: Caused by: java.lang.ClassNotFoundException: Didn't find class "android.view.displayhash.DisplayHashResultCallback" on path: DexPathList[[zip file "/data/user_de/0/com.google.android.gms/app_chimera/m/000003bd/dl-AdsFdrDynamite.integ_234310602100000.apk"],nativeLibraryDirectories=[/data/user_de/0/com.google.android.gms/app_chimera/m/000003bd/dl-AdsFdrDynamite.integ_234310602100000.apk!/lib/arm64-v8a, /system/lib64, /system/product/lib64, /system/vendor/lib64]]
12-07 01:25:32.345 12983 12983 I orata.finecraf:   at java.lang.Class dalvik.system.BaseDexClassLoader.findClass(java.lang.String) (BaseDexClassLoader.java:134)
12-07 01:25:32.345 12983 12983 I orata.finecraf:   at java.lang.Class java.lang.ClassLoader.loadClass(java.lang.String, boolean) (ClassLoader.java:379)
12-07 01:25:32.345 12983 12983 I orata.finecraf:   at java.lang.Class m.bk.loadClass(java.lang.String, boolean) (:com.google.android.gms.dynamite_dynamiteloader@234414022@23.44.14 (100400-0):15)
12-07 01:25:32.345 12983 12983 I orata.finecraf:   at java.lang.Class java.lang.ClassLoader.loadClass(java.lang.String) (ClassLoader.java:312)
12-07 01:25:32.345 12983 12983 I orata.finecraf:   at java.lang.Class dalvik.system.DexFile.defineClassNative(java.lang.String, java.lang.ClassLoader, java.lang.Object, dalvik.system.DexFile) (DexFile.java:-2)
12-07 01:25:32.345 12983 12983 I orata.finecraf:   at java.lang.Class dalvik.system.DexFile.defineClass(java.lang.String, java.lang.ClassLoader, java.lang.Object, dalvik.system.DexFile, java.util.List) (DexFile.java:283)
12-07 01:25:32.345 12983 12983 I orata.finecraf:   at java.lang.Class dalvik.system.DexFile.loadClassBinaryName(java.lang.String, java.lang.ClassLoader, java.util.List) (DexFile.java:276)
12-07 01:25:32.345 12983 12983 I orata.finecraf:   at java.lang.Class dalvik.system.DexPathList$Element.findClass(java.lang.String, java.lang.ClassLoader, java.util.List) (DexPathList.java:727)
12-07 01:25:32.345 12983 12983 I orata.finecraf:   at java.lang.Class dalvik.system.DexPathList.findClass(java.lang.String, java.util.List) (DexPathList.java:486)
12-07 01:25:32.345 12983 12983 I orata.finecraf:   at java.lang.Class dalvik.system.BaseDexClassLoader.findClass(java.lang.String) (BaseDexClassLoader.java:132)
12-07 01:25:32.345 12983 12983 I orata.finecraf:   at java.lang.Class m.bk.loadClass(java.lang.String, boolean) (:com.google.android.gms.dynamite_dynamiteloader@234414022@23.44.14 (100400-0):9)
12-07 01:25:32.345 12983 12983 I orata.finecraf:   at java.lang.Class java.lang.ClassLoader.loadClass(java.lang.String) (ClassLoader.java:312)
12-07 01:25:32.345 12983 12983 I orata.finecraf:   at java.lang.Object com.google.android.gms.ads.nonagon.ad.w.a() (:com.google.android.gms.policy_ads_fdr_dynamite@234310605@234310602057.578924991.578924991:129)
12-07 01:25:32.345 12983 12983 I orata.finecraf:   at java.lang.Object m.cwu.a() (:com.google.android.gms.policy_ads_fdr_dynamite@234310605@234310602057.578924991.578924991:14)
12-07 01:25:32.345 12983 12983 I orata.finecraf:   at java.lang.Object com.google.android.gms.ads.nonagon.ad.common.bb.a() (:com.google.android.gms.policy_ads_fdr_dynamite@234310605@234310602057.578924991.578924991:3)
12-07 01:25:32.345 12983 12983 I orata.finecraf:   at java.util.Set m.cxd.b() (:com.google.android.gms.policy_ads_fdr_dynamite@234310605@234310602057.578924991.578924991:79)
12-07 01:25:32.345 12983 12983 I orata.finecraf:   at java.lang.Object com.google.android.gms.ads.nonagon.ad.event.u.a() (:com.google.android.gms.policy_ads_fdr_dynamite@234310605@234310602057.578924991.578924991:5)
12-07 01:25:32.345 12983 12983 I orata.finecraf:   at java.lang.Object m.cwu.a() (:com.google.android.gms.policy_ads_fdr_dynamite@234310605@234310602057.578924991.578924991:14)
12-07 01:25:32.345 12983 12983 I orata.finecraf:   at com.google.android.gms.ads.nonagon.ad.event.t com.google.android.gms.ads.nonagon.ad.interstitial.c.a() (:com.google.android.gms.policy_ads_fdr_dynamite@234310605@234310602057.578924991.578924991:3)
12-07 01:25:32.345 12983 12983 I orata.finecraf:   at m.ccu com.google.android.gms.ads.nonagon.render.aw.a(java.lang.Object) (:com.google.android.gms.policy_ads_fdr_dynamite@234310605@234310602057.578924991.578924991:91)
12-07 01:25:32.345 12983 12983 I orata.finecraf:   at java.lang.Object m.cbb.g(java.lang.Object, java.lang.Object) (:com.google.android.gms.policy_ads_fdr_dynamite@234310605@234310602057.578924991.578924991:3)
12-07 01:25:32.345 12983 12983 I orata.finecraf:   at void m.cbd.run() (:com.google.android.gms.policy_ads_fdr_dynamite@234310605@234310602057.578924991.578924991:42)
12-07 01:25:32.345 12983 12983 I orata.finecraf:   at void android.os.Handler.handleCallback(android.os.Message) (Handler.java:873)
12-07 01:25:32.345 12983 12983 I orata.finecraf:   at void android.os.Handler.dispatchMessage(android.os.Message) (Handler.java:99)
12-07 01:25:32.345 12983 12983 I orata.finecraf:   at void m.awy.a(android.os.Message) (:com.google.android.gms.policy_ads_fdr_dynamite@234310605@234310602057.578924991.578924991:1)
12-07 01:25:32.345 12983 12983 I orata.finecraf:   at void com.google.android.gms.ads.internal.util.f.a(android.os.Message) (:com.google.android.gms.policy_ads_fdr_dynamite@234310605@234310602057.578924991.578924991:2)
12-07 01:25:32.345 12983 12983 I orata.finecraf:   at void m.awy.dispatchMessage(android.os.Message) (:com.google.android.gms.policy_ads_fdr_dynamite@234310605@234310602057.578924991.578924991:1)
12-07 01:25:32.345 12983 12983 I orata.finecraf:   at void android.os.Looper.loop() (Looper.java:205)
12-07 01:25:32.345 12983 12983 I orata.finecraf:   at void android.app.ActivityThread.main(java.lang.String[]) (ActivityThread.java:6991)
12-07 01:25:32.345 12983 12983 I orata.finecraf:   at java.lang.Object java.lang.reflect.Method.invoke(java.lang.Object, java.lang.Object[]) (Method.java:-2)
12-07 01:25:32.345 12983 12983 I orata.finecraf:   at void com.android.internal.os.RuntimeInit$MethodAndArgsCaller.run() (RuntimeInit.java:493)
12-07 01:25:32.345 12983 12983 I orata.finecraf:   at void com.android.internal.os.ZygoteInit.main(java.lang.String[]) (ZygoteInit.java:884)
12-07 01:25:32.345 12983 12983 I orata.finecraf: 
12-07 01:25:32.345 12983 12983 I orata.finecraf: Rejecting re-init on previously-failed class java.lang.Class<com.google.android.gms.ads.eventattestation.internal.i>: java.lang.NoClassDefFoundError: Failed resolution of: Landroid/view/displayhash/DisplayHashResultCallback;
12-07 01:25:32.345 12983 12983 I orata.finecraf:   at java.lang.Class dalvik.system.DexFile.defineClassNative(java.lang.String, java.lang.ClassLoader, java.lang.Object, dalvik.system.DexFile) (DexFile.java:-2)
12-07 01:25:32.345 12983 12983 I orata.finecraf:   at java.lang.Class dalvik.system.DexFile.defineClass(java.lang.String, java.lang.ClassLoader, java.lang.Object, dalvik.system.DexFile, java.util.List) (DexFile.java:283)
12-07 01:25:32.345 12983 12983 I orata.finecraf:   at java.lang.Class dalvik.system.DexFile.loadClassBinaryName(java.lang.String, java.lang.ClassLoader, java.util.List) (DexFile.java:276)
12-07 01:25:32.345 12983 12983 I orata.finecraf:   at java.lang.Class dalvik.system.DexPathList$Element.findClass(java.lang.String, java.lang.ClassLoader, java.util.List) (DexPathList.java:727)
12-07 01:25:32.345 12983 12983 I orata.finecraf:   at java.lang.Class dalvik.system.DexPathList.findClass(java.lang.String, java.util.List) (DexPathList.java:486)
12-07 01:25:32.345 12983 12983 I orata.finecraf:   at java.lang.Class dalvik.system.BaseDexClassLoader.findClass(java.lang.String) (BaseDexClassLoader.java:132)
12-07 01:25:32.345 12983 12983 I orata.finecraf:   at java.lang.Class m.bk.loadClass(java.lang.String, boolean) (:com.google.android.gms.dynamite_dynamiteloader@234414022@23.44.14 (100400-0):9)
12-07 01:25:32.345 12983 12983 I orata.finecraf:   at java.lang.Class java.lang.ClassLoader.loadClass(java.lang.String) (ClassLoader.java:312)
12-07 01:25:32.345 12983 12983 I orata.finecraf:   at java.lang.Object com.google.android.gms.ads.nonagon.ad.w.a() (:com.google.android.gms.policy_ads_fdr_dynamite@234310605@234310602057.578924991.578924991:129)
12-07 01:25:32.345 12983 12983 I orata.finecraf:   at java.lang.Object m.cwu.a() (:com.google.android.gms.policy_ads_fdr_dynamite@234310605@234310602057.578924991.578924991:14)
12-07 01:25:32.345 12983 12983 I orata.finecraf:   at java.lang.Object com.google.android.gms.ads.nonagon.ad.common.bb.a() (:com.google.android.gms.policy_ads_fdr_dynamite@234310605@234310602057.578924991.578924991:3)
12-07 01:25:32.345 12983 12983 I orata.finecraf:   at java.util.Set m.cxd.b() (:com.google.android.gms.policy_ads_fdr_dynamite@234310605@234310602057.578924991.578924991:79)
12-07 01:25:32.345 12983 12983 I orata.finecraf:   at java.lang.Object com.google.android.gms.ads.nonagon.ad.event.u.a() (:com.google.android.gms.policy_ads_fdr_dynamite@234310605@234310602057.578924991.578924991:5)
12-07 01:25:32.345 12983 12983 I orata.finecraf:   at java.lang.Object m.cwu.a() (:com.google.android.gms.policy_ads_fdr_dynamite@234310605@234310602057.578924991.578924991:14)
12-07 01:25:32.345 12983 12983 I orata.finecraf:   at com.google.android.gms.ads.nonagon.ad.event.t com.google.android.gms.ads.nonagon.ad.interstitial.c.a() (:com.google.android.gms.policy_ads_fdr_dynamite@234310605@234310602057.578924991.578924991:3)
12-07 01:25:32.345 12983 12983 I orata.finecraf:   at m.ccu com.google.android.gms.ads.nonagon.render.aw.a(java.lang.Object) (:com.google.android.gms.policy_ads_fdr_dynamite@234310605@234310602057.578924991.578924991:91)
12-07 01:25:32.345 12983 12983 I orata.finecraf:   at java.lang.Object m.cbb.g(java.lang.Object, java.lang.Object) (:com.google.android.gms.policy_ads_fdr_dynamite@234310605@234310602057.578924991.578924991:3)
12-07 01:25:32.345 12983 12983 I orata.finecraf:   at void m.cbd.run() (:com.google.android.gms.policy_ads_fdr_dynamite@234310605@234310602057.578924991.578924991:42)
12-07 01:25:32.345 12983 12983 I orata.finecraf:   at void android.os.Handler.handleCallback(android.os.Message) (Handler.java:873)
12-07 01:25:32.345 12983 12983 I orata.finecraf:   at void android.os.Handler.dispatchMessage(android.os.Message) (Handler.java:99)
12-07 01:25:32.345 12983 12983 I orata.finecraf:   at void m.awy.a(android.os.Message) (:com.google.android.gms.policy_ads_fdr_dynamite@234310605@234310602057.578924991.578924991:1)
12-07 01:25:32.345 12983 12983 I orata.finecraf:   at void com.google.android.gms.ads.internal.util.f.a(android.os.Message) (:com.google.android.gms.policy_ads_fdr_dynamite@234310605@234310602057.578924991.578924991:2)
12-07 01:25:32.345 12983 12983 I orata.finecraf:   at void m.awy.dispatchMessage(android.os.Message) (:com.google.android.gms.policy_ads_fdr_dynamite@234310605@234310602057.578924991.578924991:1)
12-07 01:25:32.345 12983 12983 I orata.finecraf:   at void android.os.Looper.loop() (Looper.java:205)
12-07 01:25:32.345 12983 12983 I orata.finecraf:   at void android.app.ActivityThread.main(java.lang.String[]) (ActivityThread.java:6991)
12-07 01:25:32.345 12983 12983 I orata.finecraf:   at java.lang.Object java.lang.reflect.Method.invoke(java.lang.Object, java.lang.Object[]) (Method.java:-2)
12-07 01:25:32.345 12983 12983 I orata.finecraf:   at void com.android.internal.os.RuntimeInit$MethodAndArgsCaller.run() (RuntimeInit.java:493)
12-07 01:25:32.345 12983 12983 I orata.finecraf:   at void com.android.internal.os.ZygoteInit.main(java.lang.String[]) (ZygoteInit.java:884)
12-07 01:25:32.345 12983 12983 I orata.finecraf: Caused by: java.lang.ClassNotFoundException: Didn't find class "android.view.displayhash.DisplayHashResultCallback" on path: DexPathList[[zip file "/data/user_de/0/com.google.android.gms/app_chimera/m/000003bd/dl-AdsFdrDynamite.integ_234310602100000.apk"],nativeLibraryDirectories=[/data/user_de/0/com.google.android.gms/app_chimera/m/000003bd/dl-AdsFdrDynamite.integ_234310602100000.apk!/lib/arm64-v8a, /system/lib64, /system/product/lib64, /system/vendor/lib64]]
12-07 01:25:32.345 12983 12983 I orata.finecraf:   at java.lang.Class dalvik.system.BaseDexClassLoader.findClass(java.lang.String) (BaseDexClassLoader.java:134)
12-07 01:25:32.345 12983 12983 I orata.finecraf:   at java.lang.Class java.lang.ClassLoader.loadClass(java.lang.String, boolean) (ClassLoader.java:379)
12-07 01:25:32.345 12983 12983 I orata.finecraf:   at java.lang.Class m.bk.loadClass(java.lang.String, boolean) (:com.google.android.gms.dynamite_dynamiteloader@234414022@23.44.14 (100400-0):15)
12-07 01:25:32.345 12983 12983 I orata.finecraf:   at java.lang.Class java.lang.ClassLoader.loadClass(java.lang.String) (ClassLoader.java:312)
12-07 01:25:32.345 12983 12983 I orata.finecraf:   at java.lang.Class dalvik.system.DexFile.defineClassNative(java.lang.String, java.lang.ClassLoader, java.lang.Object, dalvik.system.DexFile) (DexFile.java:-2)
12-07 01:25:32.345 12983 12983 I orata.finecraf:   at java.lang.Class dalvik.system.DexFile.defineClass(java.lang.String, java.lang.ClassLoader, java.lang.Object, dalvik.system.DexFile, java.util.List) (DexFile.java:283)
12-07 01:25:32.345 12983 12983 I orata.finecraf:   at java.lang.Class dalvik.system.DexFile.loadClassBinaryName(java.lang.String, java.lang.ClassLoader, java.util.List) (DexFile.java:276)
12-07 01:25:32.345 12983 12983 I orata.finecraf:   at java.lang.Class dalvik.system.DexPathList$Element.findClass(java.lang.String, java.lang.ClassLoader, java.util.List) (DexPathList.java:727)
12-07 01:25:32.345 12983 12983 I orata.finecraf:   at java.lang.Class dalvik.system.DexPathList.findClass(java.lang.String, java.util.List) (DexPathList.java:486)
12-07 01:25:32.345 12983 12983 I orata.finecraf:   at java.lang.Class dalvik.system.BaseDexClassLoader.findClass(java.lang.String) (BaseDexClassLoader.java:132)
12-07 01:25:32.345 12983 12983 I orata.finecraf:   at java.lang.Class m.bk.loadClass(java.lang.String, boolean) (:com.google.android.gms.dynamite_dynamiteloader@234414022@23.44.14 (100400-0):9)
12-07 01:25:32.345 12983 12983 I orata.finecraf:   at java.lang.Class java.lang.ClassLoader.loadClass(java.lang.String) (ClassLoader.java:312)
12-07 01:25:32.345 12983 12983 I orata.finecraf:   at java.lang.Object com.google.android.gms.ads.nonagon.ad.w.a() (:com.google.android.gms.policy_ads_fdr_dynamite@234310605@234310602057.578924991.578924991:129)
12-07 01:25:32.345 12983 12983 I orata.finecraf:   at java.lang.Object m.cwu.a() (:com.google.android.gms.policy_ads_fdr_dynamite@234310605@234310602057.578924991.578924991:14)
12-07 01:25:32.345 12983 12983 I orata.finecraf:   at java.lang.Object com.google.android.gms.ads.nonagon.ad.common.bb.a() (:com.google.android.gms.policy_ads_fdr_dynamite@234310605@234310602057.578924991.578924991:3)
12-07 01:25:32.345 12983 12983 I orata.finecraf:   at java.util.Set m.cxd.b() (:com.google.android.gms.policy_ads_fdr_dynamite@234310605@234310602057.578924991.578924991:79)
12-07 01:25:32.345 12983 12983 I orata.finecraf:   at java.lang.Object com.google.android.gms.ads.nonagon.ad.event.u.a() (:com.google.android.gms.policy_ads_fdr_dynamite@234310605@234310602057.578924991.578924991:5)
12-07 01:25:32.345 12983 12983 I orata.finecraf:   at java.lang.Object m.cwu.a() (:com.google.android.gms.policy_ads_fdr_dynamite@234310605@234310602057.578924991.578924991:14)
12-07 01:25:32.345 12983 12983 I orata.finecraf:   at com.google.android.gms.ads.nonagon.ad.event.t com.google.android.gms.ads.nonagon.ad.interstitial.c.a() (:com.google.android.gms.policy_ads_fdr_dynamite@234310605@234310602057.578924991.578924991:3)
12-07 01:25:32.345 12983 12983 I orata.finecraf:   at m.ccu com.google.android.gms.ads.nonagon.render.aw.a(java.lang.Object) (:com.google.android.gms.policy_ads_fdr_dynamite@234310605@234310602057.578924991.578924991:91)
12-07 01:25:32.345 12983 12983 I orata.finecraf:   at java.lang.Object m.cbb.g(java.lang.Object, java.lang.Object) (:com.google.android.gms.policy_ads_fdr_dynamite@234310605@234310602057.578924991.578924991:3)
12-07 01:25:32.345 12983 12983 I orata.finecraf:   at void m.cbd.run() (:com.google.android.gms.policy_ads_fdr_dynamite@234310605@234310602057.578924991.578924991:42)
12-07 01:25:32.345 12983 12983 I orata.finecraf:   at void android.os.Handler.handleCallback(android.os.Message) (Handler.java:873)
12-07 01:25:32.345 12983 12983 I orata.finecraf:   at void android.os.Handler.dispatchMessage(android.os.Message) (Handler.java:99)
12-07 01:25:32.345 12983 12983 I orata.finecraf:   at void m.awy.a(android.os.Message) (:com.google.android.gms.policy_ads_fdr_dynamite@234310605@234310602057.578924991.578924991:1)
12-07 01:25:32.346 12983 12983 I orata.finecraf:   at void com.google.android.gms.ads.internal.util.f.a(android.os.Message) (:com.google.android.gms.policy_ads_fdr_dynamite@234310605@234310602057.578924991.578924991:2)
12-07 01:25:32.346 12983 12983 I orata.finecraf:   at void m.awy.dispatchMessage(android.os.Message) (:com.google.android.gms.policy_ads_fdr_dynamite@234310605@234310602057.578924991.578924991:1)
12-07 01:25:32.346 12983 12983 I orata.finecraf:   at void android.os.Looper.loop() (Looper.java:205)
12-07 01:25:32.346 12983 12983 I orata.finecraf:   at void android.app.ActivityThread.main(java.lang.String[]) (ActivityThread.java:6991)
12-07 01:25:32.346 12983 12983 I orata.finecraf:   at java.lang.Object java.lang.reflect.Method.invoke(java.lang.Object, java.lang.Object[]) (Method.java:-2)
12-07 01:25:32.346 12983 12983 I orata.finecraf:   at void com.android.internal.os.RuntimeInit$MethodAndArgsCaller.run() (RuntimeInit.java:493)
12-07 01:25:32.346 12983 12983 I orata.finecraf:   at void com.android.internal.os.ZygoteInit.main(java.lang.String[]) (ZygoteInit.java:884)
12-07 01:25:32.346 12983 12983 I orata.finecraf: 
12-07 01:25:32.557 12983 12983 I Ads     : JS: The jsLoaded GMSG has been sent (https://googleads.g.doubleclick.net/mads/static/mad/sdk/native/production/sdk-core-v40-impl.html:784)
12-07 01:25:32.557 12983 12983 I chromium: [INFO:CONSOLE(784)] "The jsLoaded GMSG has been sent", source: https://googleads.g.doubleclick.net/mads/static/mad/sdk/native/production/sdk-core-v40-impl.html (784)
