12-07 01:25:33.390 12983 13607 I ACodec  : [OMX.google.aac.decoder] Now Executing
12-07 01:25:33.402 12983 13607 I ACodec  : [OMX.google.aac.decoder] Now handling output port settings change
12-07 01:25:33.410 12983 13607 I ACodec  : [OMX.google.aac.decoder] Now Executing
12-07 01:25:33.412 12983 13601 D MediaCodec: CreateByComponentName name=OMX.qcom.video.decoder.vp9
12-07 01:25:33.413 12983 13601 D MediaCodec: Mediacodec create pid=12983
12-07 01:25:33.413 12983 13601 D MediaCodec: init()++ name=OMX.qcom.video.decoder.vp9,nameIsType=0
12-07 01:25:33.413 12983 13601 V LGCodecAdapter: LG Codec Adapter start
12-07 01:25:33.414 12983 13601 I ACodec  : Now uninitialized
12-07 01:25:33.415 12983 13612 D MediaCodec: kWhatInit received
12-07 01:25:33.415 12983 13613 I ACodec  : onAllocateComponent
12-07 01:25:33.417 12983 13613 I OMXClient: IOmx service obtained
12-07 01:25:33.477 12983 13613 D MediaCodec: onComponentAllocated() componentName=OMX.qcom.video.decoder.vp9
12-07 01:25:33.477 12983 13613 I ACodec  : [OMX.qcom.video.decoder.vp9] Now Loaded
12-07 01:25:33.477 12983 13612 D MediaCodec: kWhatComponentAllocated received
12-07 01:25:33.481 12983 13601 D MediaCodec: init()--
12-07 01:25:33.482 12983 13612 D MediaCodec: kWhatConfigure received
12-07 01:25:33.483 12983 13612 D SurfaceUtils: connecting to surface 0x7cf22b9010, reason connectToSurface
12-07 01:25:33.483 12983 13612 I MediaCodec: [OMX.qcom.video.decoder.vp9] setting surface generation to 13294593
12-07 01:25:33.484 12983 13612 D SurfaceUtils: disconnecting from surface 0x7cf22b9010, reason connectToSurface(reconnect)
12-07 01:25:33.484 12983 13612 D SurfaceUtils: connecting to surface 0x7cf22b9010, reason connectToSurface(reconnect)
12-07 01:25:33.484 12983 13612 V LGCodecAdapter: called getLGCodecSpecificData
12-07 01:25:33.484 12983 13612 V LGCodecOSAL: Called LGgetCodecSpecificDataMSG
12-07 01:25:33.485 12983 13613 V LGCodecAdapter: called IsLGComponent
12-07 01:25:33.485 12983 13613 I ExtendedACodec: setupVideoDecoder()
12-07 01:25:33.491 12983 13613 I ExtendedACodec: Decoder will be in frame by frame mode
12-07 01:25:33.492 12983 13613 V LGCodecOSAL: Called LGconfigureCodecMSG
12-07 01:25:33.492 12983 13613 V LGCodecOSAL: Not support LGCodec
12-07 01:25:33.497 12983 13613 D MediaCodec: onComponentConfigured()
12-07 01:25:33.497 12983 13612 D MediaCodec: kWhatComponentConfigured received
12-07 01:25:33.512 12983 13601 D MediaCodec: start()
12-07 01:25:33.512 12983 13612 D MediaCodec: kWhatStart received
12-07 01:25:33.536 12983 13613 D SurfaceUtils: set up nativeWindow 0x7cf22b9010 for 640x360, color 0x7fa30c06, rotation 0, usage 0x20002900
12-07 01:25:33.537 12983 13513 V Minetest: 2023-12-07 01:25:33: VERBOSE[OpenALSoundManager]: OpenALSoundManager::step(): 1 playing sounds, 0 unopen sounds, 1 open sounds and 1 sound groups loaded.
12-07 01:25:33.537 12983 13613 I ACodec  : [OMX.qcom.video.decoder.vp9] Allocating 16 meta buffers on output port
12-07 01:25:33.544 12983 13613 I ACodec  : [OMX.qcom.video.decoder.vp9] Now Idle->Executing
12-07 01:25:33.544 12983 13613 I ACodec  : [OMX.qcom.video.decoder.vp9] Now Executing
12-07 01:25:33.557 12983 13613 W MapperHal: buffer descriptor with invalid usage bits 0x2000
12-07 01:25:33.559 12983 13601 V AudioTrack: getMinFrameCount=3536: afFrameCount=1920, afSampleRate=48000, afLatency=80
12-07 01:25:33.559 12983 13601 W orata.finecraf: Accessing hidden method Landroid/media/AudioTrack$Builder;->setOffloadedPlayback(Z)Landroid/media/AudioTrack$Builder; (dark greylist, linking)
12-07 01:25:33.560 12983 13613 W MapperHal: buffer descriptor with invalid usage bits 0x2000
12-07 01:25:33.560 12983 13601 W orata.finecraf: Accessing hidden method Landroid/media/AudioTrack$Builder;->setOffloadedPlayback(Z)Landroid/media/AudioTrack$Builder; (dark greylist, linking)
12-07 01:25:33.564 12983 13601 V AudioTrack: set(): streamType -1, sampleRate 44100, format 0x1, channelMask 0x3, frameCount 14144, flags #0, notificationFrames 0, sessionId 2025, transferType 3, uid -1, pid -1
12-07 01:25:33.564 12983 13601 V AudioTrack: Building AudioTrack with attributes: usage=1 content=0 flags=0x200 tags=[]
12-07 01:25:33.576 12983 13613 I ACodec  : [OMX.qcom.video.decoder.vp9] Now handling output port settings change
12-07 01:25:33.582 12983 13613 D SurfaceUtils: set up nativeWindow 0x7cf22b9010 for 640x360, color 0x7fa30c06, rotation 0, usage 0x20002900
12-07 01:25:33.585 12983 13613 I ACodec  : [OMX.qcom.video.decoder.vp9] Allocating 16 meta buffers on output port
12-07 01:25:33.596 12983 13613 W MapperHal: buffer descriptor with invalid usage bits 0x2000
12-07 01:25:33.597 12983 13613 I ACodec  : [OMX.qcom.video.decoder.vp9] Now Executing
12-07 01:25:33.604 12983 13613 W MapperHal: buffer descriptor with invalid usage bits 0x2000
12-07 01:25:33.606 12983 13613 W MapperHal: buffer descriptor with invalid usage bits 0x2000
12-07 01:25:33.631 12983 12983 D AudioManager: getStreamVolume() streamType= 3 Request Package= me.korata.finecraft
12-07 01:25:33.658 12983 12983 D AudioManager: getStreamVolume() streamType= 3 Request Package= me.korata.finecraft
12-07 01:25:33.663 12983 12983 I ContentValues: onAdLoaded
12-07 01:25:34.624 12983 13613 W MapperHal: buffer descriptor with invalid usage bits 0x2000
12-07 01:25:34.627 12983 13613 I chatty  : uid=10606(me.korata.finecraft) CodecLooper identical 5 lines
12-07 01:25:38.252 12983 13121 I chatty  : uid=10606(me.korata.finecraft) pool-7-thread-1 expire 2 lines
12-07 01:25:43.362 12983 12983 I ViewRootImpl: ViewRoot's Touch Event : ACTION_DOWN
12-07 01:25:43.421 12983 12983 I ViewRootImpl: ViewRoot's Touch Event : ACTION_UP
12-07 01:25:43.736 12983 12983 I ViewRootImpl: ViewRoot's Touch Event : ACTION_DOWN
12-07 01:25:43.790 12983 12983 I ViewRootImpl: ViewRoot's Touch Event : ACTION_UP
12-07 01:25:43.813 12983 13482 I chatty  : uid=10606(me.korata.finecraft) MinetestNativeT expire 7 lines
12-07 01:25:44.589 12983 12983 I ViewRootImpl: ViewRoot's Touch Event : ACTION_DOWN
12-07 01:25:44.871 12983 12983 I ViewRootImpl: ViewRoot's Touch Event : ACTION_UP
12-07 01:25:45.140 12983 12983 I ViewRootImpl: ViewRoot's Touch Event : ACTION_DOWN
12-07 01:25:45.410 12983 12983 I ViewRootImpl: ViewRoot's Touch Event : ACTION_UP
12-07 01:25:45.766 12983 12983 I ViewRootImpl: ViewRoot's Touch Event : ACTION_DOWN
12-07 01:25:46.128 12983 12983 I ViewRootImpl: ViewRoot's Touch Event : ACTION_UP
12-07 01:25:46.335 12983 12983 I ViewRootImpl: ViewRoot's Touch Event : ACTION_DOWN
12-07 01:25:46.757 12983 12983 I ViewRootImpl: ViewRoot's Touch Event : ACTION_UP
12-07 01:25:47.248 12983 12983 I ViewRootImpl: ViewRoot's Touch Event : ACTION_DOWN
12-07 01:25:47.315 12983 12983 I ViewRootImpl: ViewRoot's Touch Event : ACTION_UP
12-07 01:25:49.067 12983 12983 I ViewRootImpl: ViewRoot's Touch Event : ACTION_DOWN
12-07 01:25:49.176 12983 12983 I ViewRootImpl: ViewRoot's Touch Event : ACTION_UP
12-07 01:25:49.586 12983 13513 I chatty  : uid=10606(me.korata.finecraft) OpenALSoundMana expire 10 lines
12-07 01:25:51.180 12983 12983 I ViewRootImpl: ViewRoot's Touch Event : ACTION_DOWN
12-07 01:25:51.247 12983 12983 I ViewRootImpl: ViewRoot's Touch Event : ACTION_UP
12-07 01:25:51.696 12983 12983 I ViewRootImpl: ViewRoot's Touch Event : ACTION_DOWN
12-07 01:25:51.733 12983 12983 I ViewRootImpl: ViewRoot's Touch Event : ACTION_UP
12-07 01:25:54.103 12983 12983 I ViewRootImpl: ViewRoot's Touch Event : ACTION_DOWN
12-07 01:25:56.874 12983 12983 I ViewRootImpl: ViewRoot's Touch Event : ACTION_UP
12-07 01:26:01.376 12983 12983 I ViewRootImpl: ViewRoot's Touch Event : ACTION_DOWN
12-07 01:26:01.482 12983 12983 I ViewRootImpl: ViewRoot's Touch Event : ACTION_UP
12-07 01:26:09.651 12983 13513 I chatty  : uid=10606(me.korata.finecraft) OpenALSoundMana expire 14 lines
12-07 01:26:16.346 12983 12997 I chatty  : uid=10606(me.korata.finecraft) HeapTaskDaemon expire 1 line
12-07 01:26:37.789 12983 13513 I chatty  : uid=10606(me.korata.finecraft) OpenALSoundMana expire 10 lines
12-07 01:26:57.860 12983 13513 I chatty  : uid=10606(me.korata.finecraft) OpenALSoundMana expire 10 lines
12-07 01:27:17.940 12983 13513 I chatty  : uid=10606(me.korata.finecraft) OpenALSoundMana expire 10 lines
12-07 01:27:38.018 12983 13513 I chatty  : uid=10606(me.korata.finecraft) OpenALSoundMana expire 5 lines
12-07 01:27:38.110 12983 12983 I ViewRootImpl: ViewRoot's Touch Event : ACTION_DOWN
12-07 01:27:38.698 12983 12983 I ViewRootImpl: ViewRoot's Touch Event : ACTION_UP
12-07 01:27:39.017 12983 12983 I ViewRootImpl: ViewRoot's Touch Event : ACTION_DOWN
12-07 01:27:40.996 12983 12983 I ViewRootImpl: ViewRoot's Touch Event : ACTION_UP
12-07 01:27:42.247 12983 12983 I ViewRootImpl: ViewRoot's Touch Event : ACTION_DOWN
12-07 01:27:42.319 12983 12983 I ViewRootImpl: ViewRoot's Touch Event : ACTION_UP
12-07 01:27:42.554 12983 12983 I ViewRootImpl: ViewRoot's Touch Event : ACTION_DOWN
12-07 01:27:42.624 12983 12983 I ViewRootImpl: ViewRoot's Touch Event : ACTION_UP
12-07 01:27:43.737 12983 12983 I ViewRootImpl: ViewRoot's Touch Event : ACTION_DOWN
12-07 01:27:43.857 12983 12983 I ViewRootImpl: ViewRoot's Touch Event : ACTION_UP
12-07 01:27:44.661 12983 12983 I ViewRootImpl: ViewRoot's Touch Event : ACTION_DOWN
12-07 01:27:44.742 12983 12983 I ViewRootImpl: ViewRoot's Touch Event : ACTION_UP
12-07 01:27:45.204 12983 12983 I ViewRootImpl: ViewRoot's Touch Event : ACTION_DOWN
12-07 01:27:45.256 12983 12983 I ViewRootImpl: ViewRoot's Touch Event : ACTION_UP
12-07 01:27:48.054 12983 12983 I ViewRootImpl: ViewRoot's Touch Event : ACTION_DOWN
12-07 01:27:48.080 12983 13513 V Minetest: 2023-12-07 01:27:48: VERBOSE[OpenALSoundManager]: OpenALSoundManager::step(): 1 playing sounds, 0 unopen sounds, 1 open sounds and 1 sound groups loaded.
12-07 01:27:48.147 12983 12983 I ViewRootImpl: ViewRoot's Touch Event : ACTION_UP
12-07 01:27:48.292 12983 12983 I ViewRootImpl: ViewRoot's Touch Event : ACTION_DOWN
12-07 01:27:48.352 12983 12983 I ViewRootImpl: ViewRoot's Touch Event : ACTION_UP
12-07 01:27:48.391 12983 13482 D Minetest: 2023-12-07 01:27:48: INFO[Main]: Unknown style state hover in element 'button:hover;border=false;bgcolor=#6663'
12-07 01:27:50.085 12983 13513 V Minetest: 2023-12-07 01:27:50: VERBOSE[OpenALSoundManager]: OpenALSoundManager::step(): 1 playing sounds, 0 unopen sounds, 1 open sounds and 1 sound groups loaded.
12-07 01:27:52.101 12983 13513 V Minetest: 2023-12-07 01:27:52: VERBOSE[OpenALSoundManager]: OpenALSoundManager::step(): 1 playing sounds, 0 unopen sounds, 1 open sounds and 1 sound groups loaded.
12-07 01:27:54.113 12983 13513 V Minetest: 2023-12-07 01:27:54: VERBOSE[OpenALSoundManager]: OpenALSoundManager::step(): 1 playing sounds, 0 unopen sounds, 1 open sounds and 1 sound groups loaded.
12-07 01:27:56.113 12983 13513 V Minetest: 2023-12-07 01:27:56: VERBOSE[OpenALSoundManager]: OpenALSoundManager::step(): 1 playing sounds, 0 unopen sounds, 1 open sounds and 1 sound groups loaded.
12-07 01:27:58.117 12983 13513 V Minetest: 2023-12-07 01:27:58: VERBOSE[OpenALSoundManager]: OpenALSoundManager::step(): 1 playing sounds, 0 unopen sounds, 1 open sounds and 1 sound groups loaded.
12-07 01:28:00.130 12983 13513 V Minetest: 2023-12-07 01:28:00: VERBOSE[OpenALSoundManager]: OpenALSoundManager::step(): 1 playing sounds, 0 unopen sounds, 1 open sounds and 1 sound groups loaded.
12-07 01:28:02.142 12983 13513 V Minetest: 2023-12-07 01:28:02: VERBOSE[OpenALSoundManager]: OpenALSoundManager::step(): 1 playing sounds, 0 unopen sounds, 1 open sounds and 1 sound groups loaded.
12-07 01:28:04.080 12983 12983 I ViewRootImpl: ViewRoot's Touch Event : ACTION_DOWN
12-07 01:28:04.140 12983 12983 I ViewRootImpl: ViewRoot's Touch Event : ACTION_UP
12-07 01:28:04.152 12983 13513 V Minetest: 2023-12-07 01:28:04: VERBOSE[OpenALSoundManager]: OpenALSoundManager::step(): 1 playing sounds, 0 unopen sounds, 1 open sounds and 1 sound groups loaded.
12-07 01:28:04.169 12983 13482 D Minetest: 2023-12-07 01:28:04: INFO[Main]: Unknown style state hover in element 'button:hover;border=false;bgcolor=#6663'
12-07 01:28:04.857 12983 12983 I ViewRootImpl: ViewRoot's Touch Event : ACTION_DOWN
12-07 01:28:05.202 12983 12983 I ViewRootImpl: ViewRoot's Touch Event : ACTION_UP
12-07 01:28:05.490 12983 12983 I ViewRootImpl: ViewRoot's Touch Event : ACTION_DOWN
12-07 01:28:05.566 12983 12983 I ViewRootImpl: ViewRoot's Touch Event : ACTION_UP
12-07 01:28:05.594 12983 13482 D Minetest: 2023-12-07 01:28:05: INFO[Main]: Unknown style state hover in element 'button:hover;border=false;bgcolor=#6663'
12-07 01:28:06.167 12983 13513 V Minetest: 2023-12-07 01:28:06: VERBOSE[OpenALSoundManager]: OpenALSoundManager::step(): 1 playing sounds, 0 unopen sounds, 1 open sounds and 1 sound groups loaded.
12-07 01:28:07.065 12983 12983 I ViewRootImpl: ViewRoot's Touch Event : ACTION_DOWN
12-07 01:28:07.142 12983 12983 I ViewRootImpl: ViewRoot's Touch Event : ACTION_UP
12-07 01:28:07.165 12983 13482 D Minetest: 2023-12-07 01:28:07: INFO[Main]: Unknown style state hover in element 'button:hover;border=false;bgcolor=#6663'
12-07 01:28:08.181 12983 13513 V Minetest: 2023-12-07 01:28:08: VERBOSE[OpenALSoundManager]: OpenALSoundManager::step(): 1 playing sounds, 0 unopen sounds, 1 open sounds and 1 sound groups loaded.
12-07 01:28:08.734 12983 12983 I ViewRootImpl: ViewRoot's Touch Event : ACTION_DOWN
12-07 01:28:08.812 12983 12983 I ViewRootImpl: ViewRoot's Touch Event : ACTION_UP
12-07 01:28:09.365 12983 12983 I ViewRootImpl: ViewRoot's Touch Event : ACTION_DOWN
12-07 01:28:09.421 12983 12983 I ViewRootImpl: ViewRoot's Touch Event : ACTION_UP
12-07 01:28:09.978 12983 12983 I ViewRootImpl: ViewRoot's Touch Event : ACTION_DOWN
12-07 01:28:10.029 12983 12983 I ViewRootImpl: ViewRoot's Touch Event : ACTION_UP
12-07 01:28:10.049 12983 13482 D Minetest: 2023-12-07 01:28:10: INFO[Main]: Unknown style state hover in element 'button:hover;border=false;bgcolor=#6663'
12-07 01:28:10.184 12983 13513 V Minetest: 2023-12-07 01:28:10: VERBOSE[OpenALSoundManager]: OpenALSoundManager::step(): 1 playing sounds, 0 unopen sounds, 1 open sounds and 1 sound groups loaded.
12-07 01:28:11.205 12983 12983 I ViewRootImpl: ViewRoot's Touch Event : ACTION_DOWN
12-07 01:28:11.778 12983 12983 I ViewRootImpl: ViewRoot's Touch Event : ACTION_UP
12-07 01:28:12.189 12983 13513 V Minetest: 2023-12-07 01:28:12: VERBOSE[OpenALSoundManager]: OpenALSoundManager::step(): 1 playing sounds, 0 unopen sounds, 1 open sounds and 1 sound groups loaded.
12-07 01:28:12.214 12983 12983 I ViewRootImpl: ViewRoot's Touch Event : ACTION_DOWN
12-07 01:28:12.313 12983 12983 I ViewRootImpl: ViewRoot's Touch Event : ACTION_UP
12-07 01:28:12.331 12983 13482 D Minetest: 2023-12-07 01:28:12: INFO[Main]: Unknown style state hover in element 'button:hover;border=false;bgcolor=#6663'
12-07 01:28:13.302 12983 12983 I ViewRootImpl: ViewRoot's Touch Event : ACTION_DOWN
12-07 01:28:13.392 12983 12983 I ViewRootImpl: ViewRoot's Touch Event : ACTION_UP
12-07 01:28:13.423 12983 13482 D Minetest: 2023-12-07 01:28:13: INFO[Main]: Unknown style state hover in element 'button:hover;border=false;bgcolor=#6663'
12-07 01:28:13.999 12983 12983 I ViewRootImpl: ViewRoot's Touch Event : ACTION_DOWN
12-07 01:28:14.196 12983 13513 V Minetest: 2023-12-07 01:28:14: VERBOSE[OpenALSoundManager]: OpenALSoundManager::step(): 1 playing sounds, 0 unopen sounds, 1 open sounds and 1 sound groups loaded.
12-07 01:28:14.475 12983 12983 I ViewRootImpl: ViewRoot's Touch Event : ACTION_UP
12-07 01:28:14.633 12983 12983 I ViewRootImpl: ViewRoot's Touch Event : ACTION_DOWN
12-07 01:28:15.040 12983 12983 I ViewRootImpl: ViewRoot's Touch Event : ACTION_UP
12-07 01:28:15.344 12983 12983 I ViewRootImpl: ViewRoot's Touch Event : ACTION_DOWN
12-07 01:28:15.786 12983 12983 I ViewRootImpl: ViewRoot's Touch Event : ACTION_UP
12-07 01:28:15.972 12983 12983 I ViewRootImpl: ViewRoot's Touch Event : ACTION_DOWN
12-07 01:28:16.206 12983 13513 V Minetest: 2023-12-07 01:28:16: VERBOSE[OpenALSoundManager]: OpenALSoundManager::step(): 1 playing sounds, 0 unopen sounds, 1 open sounds and 1 sound groups loaded.
12-07 01:28:16.397 12983 12983 I ViewRootImpl: ViewRoot's Touch Event : ACTION_UP
12-07 01:28:16.976 12983 12983 I ViewRootImpl: ViewRoot's Touch Event : ACTION_DOWN
12-07 01:28:17.033 12983 12983 I ViewRootImpl: ViewRoot's Touch Event : ACTION_UP
12-07 01:28:17.045 12983 13482 D Minetest: 2023-12-07 01:28:17: INFO[Main]: Unknown style state hover in element 'button:hover;border=false;bgcolor=#6663'
12-07 01:28:18.218 12983 13513 V Minetest: 2023-12-07 01:28:18: VERBOSE[OpenALSoundManager]: OpenALSoundManager::step(): 1 playing sounds, 0 unopen sounds, 1 open sounds and 1 sound groups loaded.
12-07 01:28:18.531 12983 12983 I ViewRootImpl: ViewRoot's Touch Event : ACTION_DOWN
12-07 01:28:18.599 12983 12983 I ViewRootImpl: ViewRoot's Touch Event : ACTION_UP
12-07 01:28:18.644 12983 13482 D Minetest: 2023-12-07 01:28:18: INFO[Main]: Unknown style state hover in element 'button:hover;border=false;bgcolor=#6663'
12-07 01:28:20.220 12983 13513 V Minetest: 2023-12-07 01:28:20: VERBOSE[OpenALSoundManager]: OpenALSoundManager::step(): 1 playing sounds, 0 unopen sounds, 1 open sounds and 1 sound groups loaded.
12-07 01:28:22.230 12983 13513 V Minetest: 2023-12-07 01:28:22: VERBOSE[OpenALSoundManager]: OpenALSoundManager::step(): 1 playing sounds, 0 unopen sounds, 1 open sounds and 1 sound groups loaded.
12-07 01:28:24.246 12983 13513 V Minetest: 2023-12-07 01:28:24: VERBOSE[OpenALSoundManager]: OpenALSoundManager::step(): 1 playing sounds, 0 unopen sounds, 1 open sounds and 1 sound groups loaded.
12-07 01:28:26.257 12983 13513 V Minetest: 2023-12-07 01:28:26: VERBOSE[OpenALSoundManager]: OpenALSoundManager::step(): 1 playing sounds, 0 unopen sounds, 1 open sounds and 1 sound groups loaded.
12-07 01:28:28.270 12983 13513 V Minetest: 2023-12-07 01:28:28: VERBOSE[OpenALSoundManager]: OpenALSoundManager::step(): 1 playing sounds, 0 unopen sounds, 1 open sounds and 1 sound groups loaded.
12-07 01:28:30.281 12983 13513 V Minetest: 2023-12-07 01:28:30: VERBOSE[OpenALSoundManager]: OpenALSoundManager::step(): 1 playing sounds, 0 unopen sounds, 1 open sounds and 1 sound groups loaded.
12-07 01:28:32.281 12983 13513 V Minetest: 2023-12-07 01:28:32: VERBOSE[OpenALSoundManager]: OpenALSoundManager::step(): 1 playing sounds, 0 unopen sounds, 1 open sounds and 1 sound groups loaded.
12-07 01:28:34.296 12983 13513 V Minetest: 2023-12-07 01:28:34: VERBOSE[OpenALSoundManager]: OpenALSoundManager::step(): 1 playing sounds, 0 unopen sounds, 1 open sounds and 1 sound groups loaded.
12-07 01:28:36.310 12983 13513 V Minetest: 2023-12-07 01:28:36: VERBOSE[OpenALSoundManager]: OpenALSoundManager::step(): 1 playing sounds, 0 unopen sounds, 1 open sounds and 1 sound groups loaded.
12-07 01:28:38.321 12983 13513 V Minetest: 2023-12-07 01:28:38: VERBOSE[OpenALSoundManager]: OpenALSoundManager::step(): 1 playing sounds, 0 unopen sounds, 1 open sounds and 1 sound groups loaded.
12-07 01:28:40.335 12983 13513 V Minetest: 2023-12-07 01:28:40: VERBOSE[OpenALSoundManager]: OpenALSoundManager::step(): 1 playing sounds, 0 unopen sounds, 1 open sounds and 1 sound groups loaded.
12-07 01:28:42.336 12983 13513 V Minetest: 2023-12-07 01:28:42: VERBOSE[OpenALSoundManager]: OpenALSoundManager::step(): 1 playing sounds, 0 unopen sounds, 1 open sounds and 1 sound groups loaded.
12-07 01:28:44.348 12983 13513 V Minetest: 2023-12-07 01:28:44: VERBOSE[OpenALSoundManager]: OpenALSoundManager::step(): 1 playing sounds, 0 unopen sounds, 1 open sounds and 1 sound groups loaded.
